     1                                  ;************************************************
     2                                  ;macro
     3                                  ;************************************************
     4                                  %include        "../include/define.s"
     1                              <1>         BOOT_LOAD       equ     0x7c00  ;boot position of boot program
     2                              <1>         KERNEL_LOAD     equ     0x0010_1000
     3                              <1> 
     4                              <1>         BOOT_SIZE       equ     (1024 * 8)      ;boot size
     5                              <1>         KERNEL_SIZE     equ     (1024 * 8)      ;kernel size
     6                              <1>         
     7                              <1>         SECT_SIZE       equ     (512)           ;sector size
     8                              <1>         
     9                              <1>         BOOT_SECT       equ     (BOOT_SIZE / SECT_SIZE) ;number of sector of boot program
    10                              <1>         KERNEL_SECT     equ     (KERNEL_SIZE / SECT_SIZE)
    11                              <1> 
    12                              <1>         BOOT_END        equ     (BOOT_LOAD + BOOT_SIZE)
    13                              <1>         E820_RECORD_SIZE        equ     20
    14                              <1> 
    15                              <1>         
     5                                  %include        "../include/macro.s"
     1                              <1> %macro cdecl 1-*.nolist 
     2                              <1>         
     3                              <1>         %rep %0 - 1 
     4                              <1>           push  %{-1:-1} 
     5                              <1>           %rotate -1 
     6                              <1>         %endrep 
     7                              <1>         
     8                              <1>         %rotate -1 
     9                              <1>           
    10                              <1>           call  %1 
    11                              <1>         
    12                              <1>         %if 1 < %0 
    13                              <1>           add   sp, (__BITS__ >> 3) * (%0 - 1) 
    14                              <1>         %endif 
    15                              <1> %endmacro
    16                              <1> 
    17                              <1> struc drive
    18 00000000 <res 00000002>      <1>         .no     resw 1          ;number of drive
    19 00000002 <res 00000002>      <1>         .cyln   resw 1          ;silinda
    20 00000004 <res 00000002>      <1>         .head   resw 1          ;head
    21 00000006 <res 00000002>      <1>         .sect   resw 1          ;sector
    22                              <1> endstruc
     6                                  
     7                                          ORG     BOOT_LOAD       ;load address
     8                                  
     9                                  ;************************************************
    10                                  ;entry point
    11                                  ;************************************************
    12                                  
    13                                  entry:
    14                                          ;----------------------------------------
    15                                          ;BPB
    16                                          ;----------------------------------------
    17 00000000 EB58                            jmp     ipl
    18 00000002 90<rept>                        times   90-($-$$) db 0x90
    19                                  
    20                                          ;----------------------------------------
    21                                          ;IPL
    22                                          ;----------------------------------------
    23                                  
    24                                  
    25                                  ipl:
    26 0000005A FA                              cli     ;deny interrupt
    27                                  
    28                                  
    29 0000005B B80000                          mov     ax, 0x0000
    30 0000005E 8ED8                            mov     ds, ax
    31 00000060 8EC0                            mov     es, ax
    32 00000062 8ED0                            mov     ss, ax
    33 00000064 BC007C                          mov     sp, BOOT_LOAD
    34                                  
    35 00000067 FB                              sti                     ;allow interrupt
    36                                          
    37                                          ;------------------------------------
    38                                          ;save boot drive
    39                                          ;------------------------------------
    40 00000068 8816[BA00]                      mov     [BOOT + drive.no], dl ;save boot drive
    41                                  
    42                                          ;------------------------------------
    43                                          ;print char
    44                                          ;------------------------------------
    45 0000006C 68[9900]E8500083C4-             cdecl   puts, .s0       ;puts(.s0)
    45 00000074 02                 
    46                                  
    47                                          ;------------------------------------
    48                                          ;read all sector
    49                                          ;------------------------------------
    50 00000075 BB0F00                          mov     bx, BOOT_SECT - 1       ;BX = number of boot sector
    51 00000078 B9007E                          mov     cx, BOOT_LOAD + SECT_SIZE       ;CX = silinda/sector
    52                                          
    53                                  
    54 0000007B 515368[BA00]E89D00-             cdecl   read_chs, BOOT, bx, cx  ;AX = read_chs(BOOT, BX, CX);
    54 00000083 83C406             
    55                                  
    56 00000086 39D8                            cmp     ax, bx
    57 00000088 740C                    .10Q:   jz      .10E                    ;{
    58 0000008A 68[A700]E8320083C4-     .10T:   cdecl   puts, .e0               ;{puts(.e0);
    58 00000092 02                 
    59 00000093 E84B00                          call    reboot                  ;reboot()
    60                                  .10E:                                   ;}
    61                                  
    62                                          ;------------------------------------
    63                                          ;move stage2
    64                                          ;------------------------------------
    65                                  
    66 00000096 E96205                          jmp     stage_2                 ;boot stage2
    67                                  
    68                                          ;------------------------------------
    69                                          ;data
    70                                          ;------------------------------------
    71 00000099 426F6F74696E672E2E-     .s0     db "Booting....", 0x0A, 0x0D, 0
    71 000000A2 2E2E0A0D00         
    72 000000A7 4572726F723A736563-     .e0     db "Error:sector read", 0
    72 000000B0 746F72207265616400 
    73                                  
    74 000000B9 00                      ALIGN 2, db 0
    75                                  BOOT:                   ;information of boot drive
    76                                          istruc drive
    77 000000BA 0000                                    at drive.no,        dw 0    ;number of drive
    78 000000BC 0000                                    at drive.cyln,      dw 0    ;C:silinda
    79 000000BE 0000                                    at drive.head,      dw 0    ;H:head
    80 000000C0 0200                                    at drive.sect,      dw 2    ;sector
    81                                          iend
    82                                  
    83                                  ;************************************************
    84                                  ;modules
    85                                  ;************************************************
    86                                  
    87                                  %include        "../modules/real/puts.s"
     1                              <1> puts:
     2                              <1> 
     3                              <1>         ;--------------------------------
     4                              <1>         ;create stack frame
     5                              <1>         ;--------------------------------
     6                              <1> 
     7                              <1>         ;push strings address   BP +4|
     8                              <1>         ;push return address       +2| IP
     9 000000C2 55                  <1>         push    bp                 ;+0| BP
    10 000000C3 89E5                <1>         mov     bp, sp
    11                              <1> 
    12                              <1> 
    13                              <1>         ;--------------------------------
    14                              <1>         ;save register
    15                              <1>         ;--------------------------------
    16 000000C5 50                  <1>         push    ax
    17 000000C6 53                  <1>         push    bx
    18 000000C7 56                  <1>         push    si
    19                              <1> 
    20                              <1>         ;--------------------------------
    21                              <1>         ;get parameter
    22                              <1>         ;--------------------------------
    23 000000C8 8B7604              <1>         mov     si, [bp + 4]
    24                              <1> 
    25                              <1>         ;--------------------------------
    26                              <1>         ;start 
    27                              <1>         ;--------------------------------
    28 000000CB B40E                <1>         mov     ah, 0x0E        ;tele type output
    29 000000CD BB0000              <1>         mov     bx, 0x0000      ;set 0 to page number and color of char
    30 000000D0 FC                  <1>         cld                     ;DF = 0;address++
    31                              <1> .10L:                           ;do
    32                              <1>                                 ;{
    33 000000D1 AC                  <1>         lodsb                   ;  AL = *SI++;
    34                              <1> 
    35 000000D2 3C00                <1>         cmp     al, 0           ;  if(0 == AL)
    36 000000D4 7404                <1>         je      .10E            ;  break;
    37                              <1> 
    38 000000D6 CD10                <1>         int     0x10            ;int10(0x0E, AL); video BIOS call
    39 000000D8 EBF7                <1>         jmp     .10L
    40                              <1> .10E:                            ;}while(1);
    41                              <1> 
    42                              <1>         ;--------------------------------
    43                              <1>         ;return register
    44                              <1>         ;--------------------------------
    45 000000DA 5E                  <1>         pop     si
    46 000000DB 5B                  <1>         pop     bx
    47 000000DC 58                  <1>         pop     ax
    48                              <1> 
    49                              <1>         ;--------------------------------
    50                              <1>         ;delete stack frame
    51                              <1>         ;--------------------------------
    52 000000DD 89EC                <1>         mov     sp, bp
    53 000000DF 5D                  <1>         pop     bp
    54                              <1>         
    55 000000E0 C3                  <1>         ret
    56                              <1> 
    88                                  %include        "../modules/real/reboot.s"
     1                              <1> reboot:
     2                              <1> 
     3                              <1>         ;---------------------------------
     4                              <1>         ;print message
     5                              <1>         ;---------------------------------
     6 000000E1 68[FD00]E8DBFF83C4- <1>         cdecl   puts, .s0               ;print message of reboot
     6 000000E9 02                  <1>
     7                              <1> 
     8                              <1> 
     9                              <1>         ;---------------------------------
    10                              <1>         ;waiting for key input
    11                              <1>         ;---------------------------------
    12                              <1> .10L:                                   ;do
    13                              <1>                                         ;{
    14 000000EA B410                <1>         mov     ah, 0x10                ;//waiting for key input
    15 000000EC CD16                <1>         int     0x16                    ;AL = BIOS(0x16,0x10);
    16                              <1> 
    17 000000EE 3C20                <1>         cmp     al,' '                  ;ZF = AL =='';
    18 000000F0 75F8                <1>         jne     .10L                    ;}while(!ZF);
    19                              <1> 
    20                              <1>         ;---------------------------------
    21                              <1>         ;output '\n'
    22                              <1>         ;---------------------------------
    23 000000F2 68[1B01]E8CAFF83C4- <1>         cdecl   puts, .s1               ;'\n'
    23 000000FA 02                  <1>
    24                              <1> 
    25                              <1>         ;---------------------------------
    26                              <1>         ;reboot
    27                              <1>         ;---------------------------------
    28 000000FB CD19                <1>         int     0x19                    ;BIOS(0x19);    //reboot();
    29                              <1> 
    30                              <1>         ;---------------------------------
    31                              <1>         ;data of strings
    32                              <1>         ;---------------------------------
    33 000000FD 0A0D50757368205350- <1> .s0     db      0x0A, 0x0D, "Push SPACE key to reboot...", 0
    33 00000106 414345206B65792074- <1>
    33 0000010F 6F207265626F6F742E- <1>
    33 00000118 2E2E00              <1>
    34 0000011B 0A0D0A0D00          <1> .s1     db      0x0A, 0x0D, 0x0A,0x0D,0
    89                                  %include        "../modules/real/read_chs.s"
     1                              <1> read_chs:
     2                              <1>         ;--------------------------------------- 
     3                              <1>         ; 【スタック フレーム の 構築】 
     4                              <1>         ;--------------------------------------- 
     5                              <1>                                         ; + 8 | コピー 先 
     6                              <1>                                         ; + 6 | セクタ 数 
     7                              <1>                                         ; + 4 | パラメータ バッファ 
     8                              <1>                                         ; ------+---------------- 
     9                              <1>                                         ; + 2 | IP（ 戻り 番地） 
    10 00000120 55                  <1>         push    bp                      ; BP + 0 | BP（ 元 の 値）
    11 00000121 89E5                <1>         mov     bp, sp                  ; ------+-------- 
    12 00000123 6A03                <1>         push    3                       ; - 2 | retry = 3; // リトライ 回数 
    13 00000125 6A00                <1>         push    0                       ; - 4 | sect = 0; // 読み込み セクタ 数 
    14                              <1> 
    15                              <1>         
    16                              <1>         ;--------------------------------------- 
    17                              <1>         ; 【レジスタ の 保存】 
    18                              <1>         ;--------------------------------------- 
    19 00000127 53                  <1>         push    bx 
    20 00000128 51                  <1>         push    cx 
    21 00000129 52                  <1>         push    dx 
    22 0000012A 06                  <1>         push    es 
    23 0000012B 56                  <1>         push    si 
    24                              <1> 
    25                              <1>         ;--------------------------------------- 
    26                              <1>         ; 【処理 の 開始】 
    27                              <1>         ;--------------------------------------- 
    28 0000012C 8B7604              <1>         mov     si, [bp + 4] ; SI = SRC バッファ; 
    29                              <1> 
    30                              <1>         ;--------------------------------------- 
    31                              <1>         ; CX レジスタ の 設定 
    32                              <1>         ;（BIOS コール の 呼び出し に 適し た 形 に 変換）
    33                              <1>         ;--------------------------------------- 
    34 0000012F 8A6C02              <1>         mov     ch, [si + drive.cyln + 0] ; CH = シリンダ 番号（ 下位 バイト） 
    35 00000132 8A4C03              <1>         mov     cl, [si + drive.cyln + 1] ; CL = シリンダ 番号（ 上位 バイト） 
    36 00000135 C0E106              <1>         shl     cl, 6                     ; CL <<= 6; // 最上位 2 ビット に シフト 
    37 00000138 0A4C06              <1>         or      cl, [si + drive.sect]     ; CL |= セクタ 番号; 
    38                              <1> 
    39                              <1>         ;--------------------------------------- 
    40                              <1>         ; セクタ 読み込み 
    41                              <1>         ;--------------------------------------- 
    42 0000013B 8A7404              <1>         mov     dh, [si + drive.head]       ; DH = ヘッド 番号; 
    43 0000013E 8A14                <1>         mov     dl, [si + 0]                ; DL = ドライブ 番号; 
    44 00000140 B80000              <1>         mov     ax, 0x0000                  ; AX = 0 x 0000; 
    45 00000143 8EC0                <1>         mov     es, ax                      ; ES = セグメント 
    46 00000145 8B5E08              <1>         mov     bx, [bp + 8]                ; BX = コピー 先; 
    47                              <1> .10L:                                    ; do ; { 
    48 00000148 B402                <1>         mov     ah, 0x02                    ; AH = セクタ 読み込み 
    49 0000014A 8A4606              <1>         mov     al, [bp + 6]                ; AL = セクタ 数 
    50                              <1>                                         ; 
    51 0000014D CD13                <1>         int     0x13                        ; CF = BIOS( 0 x 13, 0 x 02); 
    52 0000014F 7304                <1>         jnc     .11E                        ; if (CF)
    53                              <1>                                         ; { 
    54 00000151 B000                <1>         mov     al, 0                       ; AL = 0; 
    55 00000153 EB0C                <1>         jmp     .10E                        ; break; 
    56                              <1> .11E:                                   ; } 
    57                              <1>                                         ; 
    58 00000155 3C00                <1>         cmp     al, 0                       ; if (読み込ん だ セクタ が あれ ば) 
    59 00000157 7508                <1>         jne     .10E                        ; break; 
    60                              <1>                                         ; 
    61 00000159 B80000              <1>         mov     ax, 0                       ; ret = 0; // 戻り値 を 設定 
    62 0000015C FF4EFE              <1>         dec     word [bp - 2]           ; } 
    63 0000015F 75E7                <1>         jnz     .10L                        ; while (--retry); 
    64 00000161 B400                <1> .10E:   mov     ah, 0                  ; AH = 0; // ステータス 情報 は 破棄 
    65                              <1>         ;--------------------------------------- 
    66                              <1>         ; 【レジスタ の 復帰】 
    67                              <1>         ;--------------------------------------- 
    68 00000163 5E                  <1>         pop     si 
    69 00000164 07                  <1>         pop     es 
    70 00000165 5A                  <1>         pop     dx 
    71 00000166 59                  <1>         pop     cx
    72 00000167 5B                  <1>         pop     bx                              
    73                              <1>         ;--------------------------------------- 
    74                              <1>         ; 【スタック フレーム の 破棄】 
    75                              <1>         ;--------------------------------------- 
    76 00000168 89EC                <1>         mov     sp, bp 
    77 0000016A 5D                  <1>         pop     bp 
    78 0000016B C3                  <1>         ret
    79                              <1> 
    90                                  ;************************************************
    91                                  ; boot flag
    92                                  ;************************************************
    93                                  
    94 0000016C 00<rept>                        times   510-($-$$) db 0x00
    95 000001FE 55AA                            db      0x55, 0xAA
    96                                  
    97                                  ;************************************************
    98                                  ;information got in real mode
    99                                  ;************************************************
   100                                  FONT:
   101 00000200 0000                    .seg:   dw 0
   102 00000202 0000                    .off:   dw 0
   103                                  ACPI_DATA:
   104 00000204 00000000                .adr:   dd 0
   105 00000208 00000000                .len:   dd 0
   106                                  
   107                                  ;************************************************
   108                                  ;boot stage2
   109                                  ;************************************************
   110                                  
   111                                  ;************************************************
   112                                  ;modules
   113                                  ;************************************************
   114                                  %include        "../modules/real/itoa.s"
     1                              <1> itoa: 
     2                              <1> 
     3                              <1>         ;--------------------------------------- 
     4                              <1>         ; 【スタック フレーム の 構築】 
     5                              <1>         ;--------------------------------------- 
     6                              <1>                         ; + 12 | フラグ 
     7                              <1>                         ; + 10 | 基数 
     8                              <1>                         ; + 8 | バッファ サイズ 
     9                              <1>                         ; + 6 | バッファ アドレス 
    10                              <1>                         ; + 4 | 数値 ; + 2 | IP（ 戻り 番地） 
    11 0000020C 55                  <1>         push    bp      ; BP + 0 | BP（ 元 の 値） 
    12 0000020D 89E5                <1>         mov     bp, sp  ; ------+-------- 
    13                              <1>         
    14                              <1> 
    15                              <1>         ;--------------------------------------- 
    16                              <1>         ; 【レジスタ の 保存】 
    17                              <1>         ;---------------------------------------
    18                              <1>         
    19 0000020F 50                  <1>         push    ax
    20 00000210 53                  <1>         push    bx
    21 00000211 51                  <1>         push    cx
    22 00000212 52                  <1>         push    dx
    23 00000213 56                  <1>         push    si
    24 00000214 57                  <1>         push    di
    25                              <1> 
    26                              <1>         ;---------------------------------------
    27                              <1>         ;get parameters
    28                              <1>         ;---------------------------------------
    29                              <1>         
    30 00000215 8B4604              <1>         mov     ax, [bp + 4]    ;val = num
    31 00000218 8B7606              <1>         mov     si, [bp + 6]    ;dst = address of buffer
    32 0000021B 8B4E08              <1>         mov     cx, [bp + 8]    ;size = left size of buffer
    33                              <1> 
    34 0000021E 89F7                <1>         mov     di, si          ;buffer 最後尾
    35 00000220 01CF                <1>         add     di, cx          ;dst = &dst[size -1]
    36 00000222 4F                  <1>         dec     di
    37                              <1>         
    38 00000223 8B5E0C              <1>         mov     bx, word [bp + 12]      ;flag
    39                              <1> 
    40                              <1> 
    41                              <1>         ;---------------------------------------
    42                              <1>         ;符号付き判定
    43                              <1>         ;---------------------------------------
    44                              <1> 
    45 00000226 F7C30100            <1>         test    bx, 0b0001      ;if (flag & 0x01)
    46                              <1> .10Q:   
    47 0000022A 7408                <1>         je      .10E            ;{
    48 0000022C 83F800              <1>         cmp     ax, 0           ;if (val < 0)
    49                              <1> .12Q:
    50 0000022F 7D03                <1>         jge     .12E            ;  {
    51 00000231 83CB02              <1>         or      bx, 0b0010      ;    flag |= 2
    52                              <1> .12E:                           ;  }
    53                              <1> .10E:                           ;}
    54                              <1> 
    55                              <1> 
    56                              <1>         ;---------------------------------------
    57                              <1>         ;符号出力判定
    58                              <1>         ;---------------------------------------
    59 00000234 F7C30200            <1>         test    bx, 0b0010      ;if(flag & 0x02)
    60                              <1> .20Q:   
    61 00000238 7410                <1>         je      .20E            ;{
    62 0000023A 83F800              <1>         cmp     ax, 0           ;if (val < 0)
    63                              <1> .22Q:   
    64 0000023D 7D07                <1>         jge     .22F            ;  {
    65 0000023F F7D8                <1>         neg     ax              ;    val *= -1
    66 00000241 C6042D              <1>         mov     [si], byte '-'  ;    *dst = '-'
    67 00000244 EB03                <1>         jmp     .22E            ;  }
    68                              <1> .22F:                           ;else
    69                              <1>                                 ;  {
    70 00000246 C6042B              <1>         mov     [si],byte '+'   ;    *dst= '+'
    71                              <1> .22E:                           ;  }
    72 00000249 49                  <1>         dec     cx              ;size--;
    73                              <1> .20E:                           ;}
    74                              <1> 
    75                              <1> 
    76                              <1>         ;---------------------------------------
    77                              <1>         ;translate to ASCII
    78                              <1>         ;---------------------------------------
    79 0000024A 8B5E0A              <1>         mov     bx, [bp + 10]   ;BX = 基数
    80                              <1> .30L:                           ;do
    81                              <1>                                 ;{
    82 0000024D BA0000              <1>         mov     dx, 0
    83 00000250 F7F3                <1>         div     bx              ;DX = DX:AX % 基数
    84                              <1>                                 ;AX = DX:AX / 基数
    85                              <1> 
    86 00000252 89D6                <1>         mov     si, dx          ;table
    87 00000254 8A94[7C02]          <1>         mov     dl, byte [.ascii + si]  ;DL = ASCII[DX]
    88                              <1> 
    89 00000258 8815                <1>         mov     [di], dl                ;*dst = DL;
    90 0000025A 4F                  <1>         dec     di                      ;dst--
    91 0000025B 83F800              <1>         cmp     ax, 0
    92 0000025E E0ED                <1>         loopnz  .30L                    ;}while(AX)
    93                              <1> .30E:
    94                              <1> 
    95                              <1>         ;--------------------------------------- 
    96                              <1>         ; 空欄 を 埋める 
    97                              <1>         ;--------------------------------------- 
    98 00000260 83F900              <1>         cmp     cx, 0                   ; if (size) 
    99                              <1> .40Q: 
   100 00000263 740D                <1>         je      .40E                   ; { 
   101 00000265 B020                <1>         mov     al, ' '                 ; AL = ' '; // ' 'で 埋める（ デフォルト 値） 
   102 00000267 837E0C04            <1>         cmp     [bp + 12], word 0b0100  ; if (flags & 0 x 04) 
   103                              <1> .42Q: 
   104 0000026B 7502                <1>         jne     .42E                   ; { 
   105 0000026D B030                <1>         mov     al, '0'                 ;   AL = '0'; // '0' で 埋める 
   106                              <1> .42E:                                  ; } 
   107 0000026F FD                  <1>         std                             ;   // DF = 1（- 方向） 
   108 00000270 F3AA                <1>         rep     stosb                   ;   while (--CX) *DI-- = ' '; 
   109                              <1> .40E:                                  ; }
   110                              <1> 
   111                              <1> 
   112                              <1>         ;--------------------------------------- 
   113                              <1>         ;return register
   114                              <1>         ;--------------------------------------- 
   115                              <1> 
   116 00000272 5F                  <1>         pop     di 
   117 00000273 5E                  <1>         pop     si 
   118 00000274 5A                  <1>         pop     dx 
   119 00000275 59                  <1>         pop     cx 
   120 00000276 5B                  <1>         pop     bx 
   121 00000277 58                  <1>         pop     ax 
   122                              <1> 
   123                              <1>         ;--------------------------------------- 
   124                              <1>         ; 【スタック フレーム の 破棄】 
   125                              <1>         ;--------------------------------------- 
   126 00000278 89EC                <1>         mov     sp, bp 
   127 0000027A 5D                  <1>         pop     bp 
   128 0000027B C3                  <1>         ret 
   129                              <1> 
   130 0000027C 303132333435363738- <1> .ascii  db      "0123456789ABCDEF"      ; 変換 テーブル
   130 00000285 39414243444546      <1>
   131                              <1> 
   115                                  %include        "../modules/real/get_drive_param.s"
     1                              <1> get_drive_param:
     2                              <1>         ;--------------------------------------- 
     3                              <1>         ; 【スタック フレーム の 構築】 
     4                              <1>         ;--------------------------------------- 
     5                              <1>                                         ; + 4 | パラメータ バッファ 
     6                              <1>                                         ; ------+---------------- 
     7                              <1>                                         ; + 2 | IP（ 戻り 番地） 
     8 0000028C 55                  <1>         push    bp                      ; BP + 0 | BP（ 元 の 値）
     9 0000028D 89E5                <1>         mov     bp, sp                  ; ------+-------- 
    10                              <1> 
    11                              <1>         
    12                              <1>         ;--------------------------------------- 
    13                              <1>         ; 【レジスタ の 保存】 
    14                              <1>         ;--------------------------------------- 
    15 0000028F 53                  <1>         push    bx 
    16 00000290 51                  <1>         push    cx 
    17 00000291 06                  <1>         push    es 
    18 00000292 56                  <1>         push    si 
    19 00000293 57                  <1>         push    di 
    20                              <1> 
    21                              <1>         ;--------------------------------------- 
    22                              <1>         ; 【処理 の 開始】 
    23                              <1>         ;--------------------------------------- 
    24 00000294 8B7604              <1>         mov     si, [bp + 4] ; SI = SRC バッファ; 
    25                              <1> 
    26 00000297 B80000              <1>         mov     ax, 0                   ; Disk Base Table Pointer の 初期化 
    27 0000029A 8EC0                <1>         mov     es, ax                  ; ES = 0; 
    28 0000029C 89C7                <1>         mov     di, ax                  ; DI = 0; 
    29                              <1>         
    30 0000029E B408                <1>         mov     ah, 8                   ; // get drive parameters 
    31 000002A0 8A14                <1>         mov     dl, [si + drive.no]     ; DL = ドライブ 番号
    32 000002A2 CD13                <1>         int     0x13                    ; CF = BIOS( 0 x 13, 8); 
    33                              <1> .10Q:   
    34 000002A4 721B                <1>         jc      .10F                    ; if (0 == CF) //Failed
    35                              <1> 
    36                              <1> .10T:                                   ; { 
    37 000002A6 88C8                <1>         mov     al, cl                  ; AX = セクタ 数 
    38 000002A8 83E03F              <1>         and     ax, 0x3F                ; // 下位 6 ビット のみ 有効
    39                              <1>         
    40 000002AB C0E906              <1>         shr     cl, 6                   ; CX = シリンダ 数 
    41 000002AE C1C908              <1>         ror     cx, 8                   ; 
    42 000002B1 41                  <1>         inc     cx                      ; 
    43                              <1>         
    44 000002B2 0FB6DE              <1>         movzx   bx, dh                  ; BX = ヘッド 数（ 1 ベース） 
    45 000002B5 43                  <1>         inc     bx                      ; 
    46                              <1>        
    47 000002B6 894C02              <1>         mov     [si + drive.cyln], cx   ; drive.syln = CX; // C: シリンダ 数 
    48 000002B9 895C04              <1>         mov     [si + drive.head], bx   ; drive. head = BX; // H: ヘッド 数 
    49 000002BC 894406              <1>         mov     [si + drive.sect], ax   ; drive. sect = AX; // S: セクタ 数 
    50 000002BF EB03                <1>         jmp     .10E                    ; } 
    51                              <1> .10F:                                   ; else ; { 
    52 000002C1 B80000              <1>         mov     ax, 0                   ; AX = 0; // 失敗 
    53                              <1> .10E:                                   ; }
    54                              <1> 
    55                              <1>         ;--------------------------------------- 
    56                              <1>         ; 【レジスタ の 復帰】 
    57                              <1>         ;--------------------------------------- 
    58 000002C4 5F                  <1>         pop     di 
    59 000002C5 5E                  <1>         pop     si 
    60 000002C6 07                  <1>         pop     es 
    61 000002C7 59                  <1>         pop     cx
    62 000002C8 5B                  <1>         pop     bx                              
    63                              <1>         ;--------------------------------------- 
    64                              <1>         ; 【スタック フレーム の 破棄】 
    65                              <1>         ;--------------------------------------- 
    66 000002C9 89EC                <1>         mov     sp, bp 
    67 000002CB 5D                  <1>         pop     bp 
    68 000002CC C3                  <1>         ret
    69                              <1> 
   116                                  %include        "../modules/real/get_font_adr.s"
     1                              <1> get_font_adr:
     2                              <1>         ;--------------------------------------- 
     3                              <1>         ; 【スタック フレーム の 構築】 
     4                              <1>         ;--------------------------------------- 
     5                              <1>                                         ; + 4 | パラメータ バッファ 
     6                              <1>                                         ; ------+---------------- 
     7                              <1>                                         ; + 2 | IP（ 戻り 番地） 
     8 000002CD 55                  <1>         push    bp                      ; BP + 0 | BP（ 元 の 値）
     9 000002CE 89E5                <1>         mov     bp, sp                  ; ------+-------- 
    10                              <1> 
    11                              <1>         
    12                              <1>         ;--------------------------------------- 
    13                              <1>         ; 【レジスタ の 保存】 
    14                              <1>         ;--------------------------------------- 
    15 000002D0 50                  <1>         push    ax
    16 000002D1 53                  <1>         push    bx 
    17 000002D2 56                  <1>         push    si 
    18 000002D3 06                  <1>         push    es 
    19 000002D4 55                  <1>         push    bp  
    20                              <1> 
    21                              <1>         ;--------------------------------------- 
    22                              <1>         ; 引数を取得 
    23                              <1>         ;--------------------------------------- 
    24 000002D5 8B7604              <1>         mov     si, [bp + 4]            ; SI = SRC バッファ; 
    25                              <1>         ;--------------------------------------- 
    26                              <1>         ; フォントアドレスを取得 
    27                              <1>         ;--------------------------------------- 
    28 000002D8 B83011              <1>         mov     ax, 0x1130              ;get font address
    29 000002DB B706                <1>         mov     bh, 0x06                ;8x 16 font (vga/mcga)
    30 000002DD CD10                <1>         int     10h                     ;ES:BP=FONT ADDRESS
    31                              <1> 
    32                              <1>         ;--------------------------------------- 
    33                              <1>         ; フォントアドレスを保存 
    34                              <1>         ;--------------------------------------- 
    35 000002DF 8C04                <1>         mov     [si + 0], es            ; dst[0] = segment; 
    36 000002E1 896C02              <1>         mov     [si + 2], bp            ; dst[1] = offset; 
    37                              <1> 
    38                              <1>         ;--------------------------------------- 
    39                              <1>         ; 【レジスタ の 復帰】 
    40                              <1>         ;--------------------------------------- 
    41 000002E4 5D                  <1>         pop     bp 
    42 000002E5 07                  <1>         pop     es 
    43 000002E6 5E                  <1>         pop     si 
    44 000002E7 5B                  <1>         pop     bx
    45 000002E8 58                  <1>         pop     ax                              
    46                              <1>         ;--------------------------------------- 
    47                              <1>         ; 【スタック フレーム の 破棄】 
    48                              <1>         ;--------------------------------------- 
    49 000002E9 89EC                <1>         mov     sp, bp 
    50 000002EB 5D                  <1>         pop     bp 
    51 000002EC C3                  <1>         ret
    52                              <1> 
   117                                  %include        "../modules/real/get_mem_info.s"
     1                              <1> get_mem_info:
     2                              <1> 
     3                              <1>         ;------------------------------------
     4                              <1>         ;save register
     5                              <1>         ;------------------------------------
     6 000002ED 6650                <1>         push    eax
     7 000002EF 6653                <1>         push    ebx
     8 000002F1 6651                <1>         push    ecx
     9 000002F3 6652                <1>         push    edx
    10 000002F5 56                  <1>         push    si
    11 000002F6 57                  <1>         push    di
    12 000002F7 55                  <1>         push    bp
    13                              <1> 
    14                              <1> ALIGN 4, db 0
    15 000002F8 00<rept>            <1> .b0:    times E820_RECORD_SIZE db 0        
    16                              <1> 
    17 0000030C 68[A003]E8B0FD83C4- <1>         cdecl   puts, .s0
    17 00000314 02                  <1>
    18                              <1>         ;メモリ情報を取得
    19 00000315 BD0000              <1>         mov     bp, 0
    20 00000318 66BB00000000        <1>         mov     ebx, 0
    21                              <1> .10L:
    22                              <1> 
    23 0000031E 66B820E80000        <1>         mov     eax, 0x0000E820
    24                              <1> 
    25 00000324 66B914000000        <1>         mov     ecx, E820_RECORD_SIZE
    26 0000032A 66BA50414D53        <1>         mov     edx, 'PAMS'
    27 00000330 BF[F802]            <1>         mov     di, .b0
    28 00000333 CD15                <1>         int     0x15
    29                              <1>         
    30                              <1>         ;コマンドに対応か？
    31 00000335 663D50414D53        <1>         cmp     eax, 'PAMS'
    32 0000033B 7402                <1>         je      .12E
    33 0000033D EB4C                <1>         jmp     .10E
    34                              <1> .12E:
    35                              <1>         ;エラーなし
    36 0000033F 7302                <1>         jnc     .14E
    37 00000341 EB48                <1>         jmp     .10E
    38                              <1> .14E:
    39                              <1>         ;1レコード分のメモリ情報を表示
    40 00000343 57E8E40083C402      <1>         cdecl   put_mem_info, di
    41                              <1> 
    42                              <1>         ;get a address of ACPI data
    43 0000034A 668B4510            <1>         mov     eax, [di + 16]
    44 0000034E 6683F803            <1>         cmp     eax, 3
    45 00000352 750F                <1>         jne     .15E
    46                              <1> 
    47 00000354 668B05              <1>         mov     eax, [di + 0]
    48 00000357 66A3[0402]          <1>         mov     [ACPI_DATA.adr], eax
    49                              <1> 
    50 0000035B 668B4508            <1>         mov     eax, [di + 8]
    51 0000035F 66A3[0802]          <1>         mov     [ACPI_DATA.len], eax
    52                              <1> .15E:
    53                              <1> 
    54 00000363 6683FB00            <1>         cmp     ebx, 0
    55 00000367 741C                <1>         jz      .16E
    56                              <1> 
    57 00000369 45                  <1>         inc     bp
    58 0000036A 83E507              <1>         and     bp, 0x07
    59 0000036D 7516                <1>         jnz     .16E
    60                              <1> 
    61 0000036F 68[1304]E84DFD83C4- <1>         cdecl   puts, .s2
    61 00000377 02                  <1>
    62                              <1> 
    63 00000378 B410                <1>         mov     ah, 0x10
    64 0000037A CD16                <1>         int     0x16
    65                              <1> 
    66 0000037C 68[1E04]E840FD83C4- <1>         cdecl   puts, .s3
    66 00000384 02                  <1>
    67                              <1> 
    68                              <1> .16E:
    69 00000385 6683FB00            <1>         cmp     ebx, 0
    70 00000389 7593                <1>         jne     .10L
    71                              <1> 
    72                              <1> .10E:
    73 0000038B 68[E303]E831FD83C4- <1>         cdecl   puts, .s1
    73 00000393 02                  <1>
    74                              <1>         ;-----------------------------------------
    75                              <1>         ; 【レジスタの復帰】
    76                              <1>         ;-----------------------------------------
    77 00000394 5D                  <1>         pop bp
    78 00000395 5F                  <1>         pop di
    79 00000396 5E                  <1>         pop si
    80 00000397 665A                <1>         pop edx
    81 00000399 6659                <1>         pop ecx
    82 0000039B 665B                <1>         pop ebx
    83 0000039D 6658                <1>         pop eax
    84                              <1> 
    85 0000039F C3                  <1>         ret
    86                              <1> 
    87                              <1>         ;------------------------------------------
    88                              <1>         ; データ
    89                              <1>         ;------------------------------------------
    90 000003A0 2045383230204D656D- <1> .s0:    db " E820 Memory Map:", 0x0A, 0x0D
    90 000003A9 6F7279204D61703A0A- <1>
    90 000003B2 0D                  <1>
    91 000003B3 20426173655F5F5F5F- <1>         db " Base_____________ Length___________ Type____", 0x0A, 0x0D, 0
    91 000003BC 5F5F5F5F5F5F5F5F5F- <1>
    91 000003C5 204C656E6774685F5F- <1>
    91 000003CE 5F5F5F5F5F5F5F5F5F- <1>
    91 000003D7 20547970655F5F5F5F- <1>
    91 000003E0 0A0D00              <1>
    92 000003E3 202D2D2D2D2D2D2D2D- <1> .s1:    db " ----------------- ----------------- --------", 0x0A, 0x0D, 0
    92 000003EC 2D2D2D2D2D2D2D2D2D- <1>
    92 000003F5 202D2D2D2D2D2D2D2D- <1>
    92 000003FE 2D2D2D2D2D2D2D2D2D- <1>
    92 00000407 202D2D2D2D2D2D2D2D- <1>
    92 00000410 0A0D00              <1>
    93 00000413 203C6D6F72652E2E2E- <1> .s2:    db " <more...>", 0
    93 0000041C 3E00                <1>
    94 0000041E 0D2020202020202020- <1> .s3:    db 0x0D, "          ", 0x0D, 0
    94 00000427 20200D00            <1>
    95                              <1> 
    96                              <1> put_mem_info:
    97                              <1>         ;------------------------------------
    98                              <1>         ;create stack frame
    99                              <1>         ;------------------------------------
   100                              <1>                                         ; +4 buf
   101                              <1>                                         ; +2 IP
   102 0000042B 55                  <1>         push    bp                      ;BP+0 BP
   103 0000042C 89E5                <1>         mov     bp, sp                  ;
   104                              <1>         
   105                              <1>         ;------------------------------------
   106                              <1>         ;save registers
   107                              <1>         ;------------------------------------
   108 0000042E 53                  <1>         push    bx
   109 0000042F 56                  <1>         push    si
   110                              <1>         
   111                              <1>         ;------------------------------------
   112                              <1>         ;get parameter
   113                              <1>         ;------------------------------------
   114 00000430 8B7604              <1>         mov     si, [bp + 4]
   115                              <1> 
   116                              <1>         ;-----------------------------------------
   117                              <1>         ; レコードの表示
   118                              <1>         ;-----------------------------------------
   119                              <1>         ; Base(64bit)
   120 00000433 6A046A106A0468-     <1>         cdecl itoa, word[si + 6], .p2 + 0, 4, 16, 0b0100
   120 0000043A [0A05]FF7406E8CAFD- <1>
   120 00000442 83C40A              <1>
   121 00000445 6A046A106A0468-     <1>         cdecl itoa, word[si + 4], .p2 + 4, 4, 16, 0b0100
   121 0000044C [0E05]FF7404E8B8FD- <1>
   121 00000454 83C40A              <1>
   122 00000457 6A046A106A0468-     <1>         cdecl itoa, word[si + 2], .p3 + 0, 4, 16, 0b0100
   122 0000045E [1305]FF7402E8A6FD- <1>
   122 00000466 83C40A              <1>
   123 00000469 6A046A106A0468-     <1>         cdecl itoa, word[si + 0], .p3 + 4, 4, 16, 0b0100
   123 00000470 [1705]FF34E895FD83- <1>
   123 00000478 C40A                <1>
   124                              <1> 
   125                              <1>         ; Length(64bit)
   126 0000047A 6A046A106A0468-     <1>         cdecl itoa, word[si + 14], .p4 + 0, 4, 16, 0b0100
   126 00000481 [1C05]FF740EE883FD- <1>
   126 00000489 83C40A              <1>
   127 0000048C 6A046A106A0468-     <1>         cdecl itoa, word[si + 12], .p4 + 4, 4, 16, 0b0100
   127 00000493 [2005]FF740CE871FD- <1>
   127 0000049B 83C40A              <1>
   128 0000049E 6A046A106A0468-     <1>         cdecl itoa, word[si + 10], .p5 + 0, 4, 16, 0b0100
   128 000004A5 [2505]FF740AE85FFD- <1>
   128 000004AD 83C40A              <1>
   129 000004B0 6A046A106A0468-     <1>         cdecl itoa, word[si + 8], .p5 + 4, 4, 16, 0b0100
   129 000004B7 [2905]FF7408E84DFD- <1>
   129 000004BF 83C40A              <1>
   130                              <1> 
   131                              <1>         ; Type(32bit)
   132 000004C2 6A046A106A0468-     <1>         cdecl itoa, word[si + 18], .p6 + 0, 4, 16, 0b0100
   132 000004C9 [2E05]FF7412E83BFD- <1>
   132 000004D1 83C40A              <1>
   133 000004D4 6A046A106A0468-     <1>         cdecl itoa, word[si + 16], .p6 + 4, 4, 16, 0b0100
   133 000004DB [3205]FF7410E829FD- <1>
   133 000004E3 83C40A              <1>
   134                              <1> 
   135 000004E6 68[0905]E8D6FB83C4- <1>         cdecl   puts, .s1
   135 000004EE 02                  <1>
   136                              <1>         
   137 000004EF 8B5C10              <1>         mov bx, [si + 16]
   138 000004F2 83E307              <1>         and bx, 0x07
   139 000004F5 D1E3                <1>         shl bx, 1
   140 000004F7 81C3[8B05]          <1>         add bx, .t0
   141 000004FB FF37E8C2FB83C402    <1>         cdecl puts, word[bx]
   142                              <1>         
   143                              <1>         ;-----------------------------------------
   144                              <1>         ; 【レジスタの復帰】
   145                              <1>         ;-----------------------------------------
   146 00000503 5E                  <1>         pop si
   147 00000504 5B                  <1>         pop bx
   148                              <1> 
   149                              <1>         ;-----------------------------------------
   150                              <1>         ; 【スタックフレームの破棄】
   151                              <1>         ;-----------------------------------------
   152 00000505 89EC                <1>         mov sp, bp
   153 00000507 5D                  <1>         pop bp
   154                              <1> 
   155 00000508 C3                  <1>         ret
   156                              <1> 
   157                              <1>         ;------------------------------------------
   158                              <1>         ; データ
   159                              <1>         ;------------------------------------------
   160                              <1> 
   161 00000509 20                  <1> .s1:    db " "
   162 0000050A 5A5A5A5A5A5A5A5A5F  <1> .p2:    db "ZZZZZZZZ_"
   163 00000513 5A5A5A5A5A5A5A5A20  <1> .p3:    db "ZZZZZZZZ "
   164 0000051C 5A5A5A5A5A5A5A5A5F  <1> .p4:    db "ZZZZZZZZ_"
   165 00000525 5A5A5A5A5A5A5A5A20  <1> .p5:    db "ZZZZZZZZ "
   166 0000052E 5A5A5A5A5A5A5A5A00  <1> .p6:    db "ZZZZZZZZ", 0
   167                              <1> 
   168 00000537 2028556E6B6E6F776E- <1> .s4:    db " (Unknown)", 0x0A, 0x0D, 0
   168 00000540 290A0D00            <1>
   169 00000544 2028757361626C6529- <1> .s5:    db " (usable)", 0x0A, 0x0D, 0
   169 0000054D 0A0D00              <1>
   170 00000550 202872657365727665- <1> .s6:    db " (reserved)", 0x0A, 0x0D, 0
   170 00000559 64290A0D00          <1>
   171 0000055E 202841435049206461- <1> .s7:    db " (ACPI data)", 0x0A, 0x0D, 0
   171 00000567 7461290A0D00        <1>
   172 0000056D 202841435049204E56- <1> .s8:    db " (ACPI NVS)", 0x0A, 0x0D, 0
   172 00000576 53290A0D00          <1>
   173 0000057B 2028626164206D656D- <1> .s9:    db " (bad memory)", 0x0A, 0x0D, 0
   173 00000584 6F7279290A0D00      <1>
   174                              <1> 
   175 0000058B [3705][4405][5005]- <1> .t0: dw .s4, .s5, .s6, .s7, .s8, .s9, .s4, .s4
   175 00000591 [5E05][6D05][7B05]- <1>
   175 00000597 [3705][3705]        <1>
   118                                  %include        "../modules/real/kbc.s"
     1                              <1> KBC_Data_Write:
     2                              <1>         
     3                              <1>         ;------------------------------
     4                              <1>         ;create stack frame
     5                              <1>         ;------------------------------
     6                              <1> 
     7                              <1>                                         ; + 4 |data
     8                              <1>                                         ; + 2 | IP
     9 0000059B 55                  <1>         push    bp                      ;BP + 0 | BP
    10 0000059C 89E5                <1>         mov     bp, sp
    11                              <1> 
    12                              <1>         ;------------------------------
    13                              <1>         ;save register
    14                              <1>         ;------------------------------
    15 0000059E 51                  <1>         push    cx
    16                              <1> 
    17 0000059F B90000              <1>         mov     cx, 0
    18                              <1> 
    19                              <1> .10L:   
    20                              <1> 
    21                              <1>         ;書き込み可能か？
    22 000005A2 E464                <1>         in      al, 0x64                ;AL = inp(0x64)
    23 000005A4 A802                <1>         test    al, 0x02                ;ZF = AL & 0x02
    24 000005A6 E0FA                <1>         loopnz  .10L
    25                              <1> 
    26 000005A8 83F900              <1>         cmp     cx, 0
    27 000005AB 7405                <1>         jz      .20E
    28                              <1> 
    29 000005AD 8A4604              <1>         mov     al, [bp + 4]
    30 000005B0 E660                <1>         out     0x60, al
    31                              <1> .20E:
    32 000005B2 89C8                <1>         mov     ax, cx
    33                              <1>         
    34                              <1>         ;------------------------------
    35                              <1>         ;return register
    36                              <1>         ;------------------------------
    37 000005B4 59                  <1>         pop     cx
    38                              <1> 
    39                              <1>         ;------------------------------
    40                              <1>         ;remove stack frame
    41                              <1>         ;------------------------------
    42 000005B5 89EC                <1>         mov     sp, bp
    43 000005B7 5D                  <1>         pop     bp
    44                              <1> 
    45 000005B8 C3                  <1>         ret
    46                              <1> 
    47                              <1> KBC_Data_Read:
    48                              <1> 
    49                              <1>         ;------------------------------
    50                              <1>         ;create stack frame
    51                              <1>         ;------------------------------
    52                              <1> 
    53                              <1>                                         ; + 4 |data
    54                              <1>                                         ; + 2 | IP
    55 000005B9 55                  <1>         push    bp                      ;BP + 0 | BP
    56 000005BA 89E5                <1>         mov     bp, sp
    57                              <1> 
    58                              <1>         ;------------------------------
    59                              <1>         ;save register
    60                              <1>         ;------------------------------
    61 000005BC 51                  <1>         push    cx
    62 000005BD 57                  <1>         push    di
    63                              <1> 
    64 000005BE B90000              <1>         mov     cx, 0
    65                              <1> 
    66                              <1> .10L:
    67                              <1> 
    68 000005C1 E464                <1>         in      al, 0x64
    69 000005C3 A801                <1>         test    al, 0x01
    70 000005C5 E1FA                <1>         loopz  .10L
    71                              <1> 
    72 000005C7 83F900              <1>         cmp     cx, 0
    73 000005CA 7409                <1>         jz      .20E
    74                              <1> 
    75 000005CC B400                <1>         mov     ah, 0x00
    76 000005CE E460                <1>         in      al, 0x60
    77                              <1> 
    78 000005D0 8B7E04              <1>         mov     di, [bp + 4]
    79 000005D3 8905                <1>         mov     [di + 0], ax
    80                              <1> .20E:
    81                              <1>         
    82 000005D5 89C8                <1>         mov     ax, cx
    83                              <1>         ;------------------------------
    84                              <1>         ;return register
    85                              <1>         ;------------------------------
    86 000005D7 5F                  <1>         pop     di
    87 000005D8 59                  <1>         pop     cx
    88                              <1> 
    89                              <1>         ;------------------------------
    90                              <1>         ;remove stack frame
    91                              <1>         ;------------------------------
    92 000005D9 89EC                <1>         mov     sp, bp
    93 000005DB 5D                  <1>         pop     bp
    94                              <1> 
    95 000005DC C3                  <1>         ret
    96                              <1> 
    97                              <1> KBC_Cmd_Write:
    98                              <1> 
    99                              <1>         ;------------------------------
   100                              <1>         ;create stack frame
   101                              <1>         ;------------------------------
   102                              <1> 
   103                              <1>                                         ; + 4 |data
   104                              <1>                                         ; + 2 | IP
   105 000005DD 55                  <1>         push    bp                      ;BP + 0 | BP
   106 000005DE 89E5                <1>         mov     bp, sp
   107                              <1> 
   108                              <1>         ;------------------------------
   109                              <1>         ;save register
   110                              <1>         ;------------------------------
   111 000005E0 51                  <1>         push    cx
   112                              <1> 
   113 000005E1 B90000              <1>         mov     cx, 0
   114                              <1> 
   115                              <1> .10L:
   116                              <1> 
   117 000005E4 E464                <1>         in      al, 0x64
   118 000005E6 A802                <1>         test    al, 0x02
   119 000005E8 E0FA                <1>         loopnz  .10L
   120                              <1> 
   121 000005EA 83F900              <1>         cmp     cx, 0
   122 000005ED 7405                <1>         jz      .20E
   123                              <1> 
   124 000005EF 8A4604              <1>         mov     al, [bp + 4]
   125 000005F2 E664                <1>         out     0x64, al
   126                              <1> 
   127                              <1> .20E:
   128                              <1> 
   129 000005F4 89C8                <1>         mov     ax, cx
   130                              <1>         ;------------------------------
   131                              <1>         ;return register
   132                              <1>         ;------------------------------
   133 000005F6 59                  <1>         pop     cx
   134                              <1> 
   135                              <1>         ;------------------------------
   136                              <1>         ;remove stack frame
   137                              <1>         ;------------------------------
   138 000005F7 89EC                <1>         mov     sp, bp
   139 000005F9 5D                  <1>         pop     bp
   140                              <1> 
   141 000005FA C3                  <1>         ret
   142                              <1> 
   143                              <1> 
   119                                  
   120                                  stage_2:
   121                                          ;-----------------------------------
   122                                          ;print strings
   123                                          ;-----------------------------------
   124 000005FB 68[7506]E8C1FA83C4-             cdecl   puts, .s0
   124 00000603 02                 
   125                                  
   126                                          ;-----------------------------------
   127                                          ;get drive parameters
   128                                          ;-----------------------------------
   129 00000604 68[BA00]E882FC83C4-             cdecl   get_drive_param, BOOT  ;AX = get_drive_param(BOOT);
   129 0000060C 02                 
   130                                  
   131 0000060D 83F800                          cmp     ax, 0
   132 00000610 750C                    .10Q:   jne     .10E                    ;{
   133 00000612 68[AC06]E8AAFA83C4-     .10T:   cdecl   puts, .e0               ;{puts(.e0);
   133 0000061A 02                 
   134 0000061B E8C3FA                          call    reboot                  ;reboot()
   135                                  .10E:                                   ;}
   136                                  
   137                                          ;-----------------------------------
   138                                          ;print drive parameters
   139                                          ;-----------------------------------
   140 0000061E A1[BA00]                        mov     ax, [BOOT + drive.no]   ;AX = boot drive
   141 00000621 6A046A106A0268-                 cdecl   itoa, ax, .p1, 2, 16, 0b0100    ;
   141 00000628 [8D06]50E8DEFB83C4-
   141 00000630 0A                 
   142 00000631 A1[BC00]                        mov     ax, [BOOT + drive.cyln] ;
   143 00000634 6A046A106A0468-                 cdecl   itoa, ax, .p2, 4, 16, 0b0100    ;
   143 0000063B [9506]50E8CBFB83C4-
   143 00000643 0A                 
   144 00000644 A1[BE00]                        mov     ax, [BOOT + drive.head] ;
   145 00000647 6A046A106A0268-                 cdecl   itoa, ax, .p3, 2, 16, 0b0100    ;
   145 0000064E [9F06]50E8B8FB83C4-
   145 00000656 0A                 
   146 00000657 A1[C000]                        mov     ax, [BOOT + drive.sect] ;
   147 0000065A 6A046A106A0268-                 cdecl   itoa, ax, .p4, 2, 16, 0b0100    ;
   147 00000661 [A706]50E8A5FB83C4-
   147 00000669 0A                 
   148 0000066A 68[8406]E852FA83C4-             cdecl   puts, .s1
   148 00000672 02                 
   149                                          
   150                                          ;-----------------------------------
   151                                          ;move next stage
   152                                          ;-----------------------------------
   153 00000673 EB52                            jmp     stage_3rd               ;move next stage
   154                                          
   155                                  
   156                                          ;-----------------------------------
   157                                          ;data
   158                                          ;-----------------------------------
   159 00000675 326E64207374616765-     .s0     db "2nd stage...", 0x0A, 0x0D, 0
   159 0000067E 2E2E2E0A0D00       
   160 00000684 2044726976653A3078      .s1     db " Drive:0x" 
   161 0000068D 20202C20433A3078        .p1     db "  , C:0x" 
   162 00000695 202020202C20483A30-     .p2     db "    , H:0x" 
   162 0000069E 78                 
   163 0000069F 20202C20533A3078        .p3     db "  , S:0x" 
   164 000006A7 20200A0D00              .p4     db "  ", 0x0A, 0x0D, 0 
   165 000006AC 43616E277420676574-     .e0     db "Can't get drive parameter.", 0
   165 000006B5 206472697665207061-
   165 000006BE 72616D657465722E00 
   166                                  
   167                                  
   168                                  ;************************************************
   169                                  ;boot 3rd stage
   170                                  ;************************************************
   171                                  stage_3rd:
   172                                          ;-----------------------------------
   173                                          ;print strings
   174                                          ;-----------------------------------
   175 000006C7 68[4407]E8F5F983C4-             cdecl   puts, .s0
   175 000006CF 02                 
   176                                  
   177                                          ;-----------------------------------
   178                                          ;use the font which is using in BIOS 
   179                                          ;-----------------------------------
   180 000006D0 68[0002]E8F7FB83C4-             cdecl   get_font_adr, FONT      ;get font
   180 000006D8 02                 
   181                                  
   182                                          ;-----------------------------------
   183                                          ;print font address
   184                                          ;-----------------------------------
   185 000006D9 6A046A106A0468-                 cdecl   itoa, word[FONT.seg], .p1, 4, 16, 0b0100
   185 000006E0 [6107]FF36[0002]E8-
   185 000006E7 23FB83C40A         
   186 000006EC 6A046A106A0468-                 cdecl   itoa, word[FONT.off], .p2, 4, 16, 0b0100
   186 000006F3 [6607]FF36[0202]E8-
   186 000006FA 10FB83C40A         
   187 000006FF 68[5307]E8BDF983C4-             cdecl   puts, .s1
   187 00000707 02                 
   188                                  
   189                                          ;------------------------------------------
   190                                          ; メモリ情報の取得と表示
   191                                          ;------------------------------------------
   192 00000708 E8E2FB                          cdecl   get_mem_info
   193                                  
   194 0000070B 66A1[0402]                      mov     eax, [ACPI_DATA.adr]
   195 0000070F 6683F800                        cmp     eax, 0
   196 00000713 742D                            je      .10E
   197                                  
   198 00000715 6A046A106A0468-                 cdecl   itoa, ax, .p4, 4, 16, 0b0100
   198 0000071C [7F07]50E8EAFA83C4-
   198 00000724 0A                 
   199 00000725 66C1E810                        shr     eax, 16
   200 00000729 6A046A106A0468-                 cdecl   itoa, ax, .p3, 4, 16, 0b0100
   200 00000730 [7B07]50E8D6FA83C4-
   200 00000738 0A                 
   201 00000739 68[7007]E883F983C4-             cdecl   puts, .s2
   201 00000741 02                 
   202                                  .10E:
   203                                  
   204                                          ;------------------------------------------
   205                                          ;jump to next stage
   206                                          ;------------------------------------------
   207 00000742 EB42                            jmp stage_4
   208                                  
   209                                          ;------------------------------------------
   210                                          ; データ
   211                                          ;------------------------------------------
   212 00000744 337264207374616765-     .s0     db "3rd stage...", 0x0A, 0x0D, 0
   212 0000074D 2E2E2E0A0D00       
   213 00000753 20466F6E7420416464-     .s1     db " Font Address="
   213 0000075C 726573733D         
   214 00000761 5A5A5A5A3A              .p1     db "ZZZZ:"
   215 00000766 5A5A5A5A0A0D00          .p2     db "ZZZZ", 0x0A, 0x0D, 0
   216 0000076D 0A0D00                          db 0x0A, 0x0D, 0
   217 00000770 204143504920646174-     .s2     db " ACPI data="
   217 00000779 613D               
   218 0000077B 5A5A5A5A                .p3     db "ZZZZ"
   219 0000077F 5A5A5A5A0A0D00          .p4     db "ZZZZ", 0x0A, 0x0D, 0
   220                                  
   221                                  ;***********************************************************
   222                                  ; boot 4th_stage
   223                                  ;***********************************************************
   224                                  stage_4:
   225                                          ;------------------------------------------
   226                                          ;print strings
   227                                          ;------------------------------------------
   228 00000786 68[5A08]E836F983C4-             cdecl   puts, .s0
   228 0000078E 02                 
   229                                  
   230                                          ;------------------------------------------
   231                                          ;enable A20 Gate
   232                                          ;------------------------------------------
   233 0000078F FA                              cli                                     ;disable intterpt
   234                                  
   235 00000790 68AD00E847FE83C402              cdecl   KBC_Cmd_Write, 0xAD             ;disable keyboard
   236                                  
   237 00000799 68D000E83EFE83C402              cdecl   KBC_Cmd_Write, 0xD0             ;command of read output port
   238 000007A2 68[A108]E811FE83C4-             cdecl   KBC_Data_Read, .key             ;data of output data
   238 000007AA 02                 
   239                                  
   240 000007AB 8A1E[A108]                      mov     bl, [.key]                      ;BL = key
   241 000007AF 80CB02                          or      bl, 0x02                        ;BL |= 0x02 ;enable A20
   242                                  
   243 000007B2 68D100E825FE83C402              cdecl   KBC_Cmd_Write, 0xD1             ;command of write output port
   244 000007BB 53E8DCFD83C402                  cdecl   KBC_Data_Write, bx              ;data of output
   245                                  
   246 000007C2 68AE00E815FE83C402              cdecl   KBC_Cmd_Write, 0xAE             ;enable keyboard
   247                                  
   248 000007CB FB                              sti                                     ;enable intrrept
   249                                  
   250                                          ;------------------------------------------
   251                                          ;print strings
   252                                          ;------------------------------------------
   253 000007CC 68[6908]E8F0F883C4-             cdecl   puts, .s1
   253 000007D4 02                 
   254                                          
   255                                          ;------------------------------------------
   256                                          ;test of keyboard led
   257                                          ;------------------------------------------
   258 000007D5 68[7E08]E8E7F883C4-             cdecl   puts, .s2
   258 000007DD 02                 
   259                                  
   260 000007DE BB0000                          mov     bx, 0
   261                                  .10L:
   262                                          ;waiting for input from keyboard
   263 000007E1 B400                            mov     ah, 0x00
   264 000007E3 CD16                            int     0x16                            ;AL = BIOS(0x16,0x00)
   265                                  
   266 000007E5 3C31                            cmp     al, '1'                         ;jump error if under 1
   267 000007E7 7266                            jb      .10E
   268                                  
   269 000007E9 3C33                            cmp     al, '3'
   270 000007EB 7762                            ja      .10E                            ;go through if under 4
   271                                  
   272 000007ED 88C1                            mov     cl, al                          ;CL = 0x31 ~ 0x33
   273 000007EF FEC9                            dec     cl                              ;CL = 0x30 ~ 0x32        
   274 000007F1 80E103                          and     cl, 0x03                        ;CL &= 0x003; CL = 0 ~ 2
   275                                  
   276 000007F4 B80100                          mov     ax, 0x0001                
   277 000007F7 D3E0                            shl     ax, cl                          ;AX = 0x01 or 0x02 or 0x04
   278 000007F9 31C3                            xor     bx, ax                          ;BX ^= AX //reverse
   279                                  
   280                                          ;------------------------------------------
   281                                          ;sent LED command
   282                                          ;------------------------------------------
   283 000007FB FA                              cli
   284                                  
   285 000007FC 68AD00E8DBFD83C402              cdecl   KBC_Cmd_Write, 0xAD             ;disable keyboard
   286                                  
   287 00000805 68ED00E890FD83C402              cdecl   KBC_Data_Write, 0xED            ;LED command
   288 0000080E 68[A108]E8A5FD83C4-             cdecl   KBC_Data_Read, .key             ;
   288 00000816 02                 
   289                                  
   290 00000817 803E[A108]FA                    cmp     [.key], byte 0xFA
   291 0000081C 7509                            jne     .11F
   292                                  
   293 0000081E 53E879FD83C402                  cdecl   KBC_Data_Write, bx              ;output LED data
   294                                  
   295 00000825 EB1C                            jmp     .11E
   296                                  .11F:
   297 00000827 6A046A106A0268-                 cdecl   itoa, word [.key], .e1, 2, 16, 0b0100
   297 0000082E [9D08]FF36[A108]E8-
   297 00000835 D5F983C40A         
   298 0000083A 68[9C08]E882F883C4-             cdecl   puts, .e0
   298 00000842 02                 
   299                                  .11E:
   300 00000843 68AE00E894FD83C402              cdecl   KBC_Cmd_Write, 0xAE
   301                                  
   302 0000084C FB                              sti
   303                                  
   304 0000084D EB92                            jmp     .10L
   305                                  
   306                                  .10E:
   307                                  
   308                                          ;------------------------------------------
   309                                          ;print strings
   310                                          ;------------------------------------------
   311 0000084F 68[9308]E86DF883C4-             cdecl   puts, .s3
   311 00000857 02                 
   312                                  
   313                                          
   314                                          ;------------------------------------------
   315                                          ; 処理の終了
   316                                          ;------------------------------------------
   317 00000858 EBFE                            jmp $
   318                                  
   319 0000085A 347468207374616765-     .s0:    db "4th stage...", 0x0A, 0x0D, 0
   319 00000863 2E2E2E0A0D00       
   320 00000869 204132302047617465-     .s1:    db " A20 Gate Enabled.", 0x0A, 0x0D, 0
   320 00000872 20456E61626C65642E-
   320 0000087B 0A0D00             
   321 0000087E 4B6579626F61726420-     .s2:    db "Keyboard LED TEST...",0
   321 00000887 4C454420544553542E-
   321 00000890 2E2E00             
   322 00000893 28646F6E65290A0D00      .s3:    db "(done)", 0x0A, 0x0D, 0
   323 0000089C 5B                      .e0:    db "["
   324 0000089D 5A5A5D00                .e1:    db "ZZ]", 0
   325                                  
   326 000008A1 0000                    .key:   dw 0
   327                                  ;***********************************************************
   328                                  ;  パディング（このファイルは8Kバイトとする）
   329                                  ;***********************************************************
   330 000008A3 00<rept>                        times BOOT_SIZE - ($ - $$) db 0
