     1                                  ;**********************************************
     2                                  ; entry point
     3                                  ;**********************************************
     4                                  entry:
     5 00000000 EB58                            jmp     ipl     ;jamp to ILP
     6                                  
     7                                          ;---------------------------
     8                                          ; BPB
     9                                          ;---------------------------
    10 00000002 90<rept>                        times   90-($-$$) db 0x90
    11                                  
    12                                          ;---------------------------
    13                                          ; IPL
    14                                          ;---------------------------
    15                                  
    16                                  ipl:
    17                                  
    18                                          ;---------------------------
    19                                          ;finish
    20                                          ;---------------------------
    21                                  
    22 0000005A EBFE                            jmp     $       ;while(1);//infinite loop
    23                                  
    24                                  ;**********************************************
    25                                  ;boot flag
    26                                  ;**********************************************
    27 0000005C 00<rept>                        times 510-($-$$) db 0x00
    28 000001FE 55AA                            db 0x55,0xAA
